../SHT31/ssd1306.c:221:6:SSD1306_ToggleInvert	0	static
../SHT31/ssd1306.c:233:6:SSD1306_Fill	8	static
../SHT31/ssd1306.c:238:6:SSD1306_DrawPixel	0	static
../SHT31/ssd1306.c:112:6:SSD1306_DrawBitmap	48	static
../SHT31/ssd1306.c:260:6:SSD1306_GotoXY	0	static
../SHT31/ssd1306.c:266:6:SSD1306_Putc	32	static
../SHT31/ssd1306.c:297:6:SSD1306_Puts	16	static
../SHT31/ssd1306.c:315:6:SSD1306_DrawLine	48	static
../SHT31/ssd1306.c:399:6:SSD1306_DrawRectangle	32	static
../SHT31/ssd1306.c:424:6:SSD1306_DrawFilledRectangle	40	static
../SHT31/ssd1306.c:451:6:SSD1306_DrawTriangle	40	static
../SHT31/ssd1306.c:459:6:SSD1306_DrawFilledTriangle	80	static
../SHT31/ssd1306.c:515:6:SSD1306_DrawCircle	64	static
../SHT31/ssd1306.c:549:6:SSD1306_DrawFilledCircle	64	static
../SHT31/ssd1306.c:608:6:ssd1306_I2C_Init	0	static
../SHT31/ssd1306.c:620:6:ssd1306_I2C_WriteMulti	272	static
../SHT31/ssd1306.c:630:6:ssd1306_I2C_Write	24	static
../SHT31/ssd1306.c:38:6:SSD1306_ScrollRight	16	static
../SHT31/ssd1306.c:51:6:SSD1306_ScrollLeft	16	static
../SHT31/ssd1306.c:64:6:SSD1306_Scrolldiagright	16	static
../SHT31/ssd1306.c:80:6:SSD1306_Scrolldiagleft	16	static
../SHT31/ssd1306.c:96:6:SSD1306_Stopscroll	8	static
../SHT31/ssd1306.c:103:6:SSD1306_InvertDisplay	8	static
../SHT31/ssd1306.c:208:6:SSD1306_UpdateScreen	8	static
../SHT31/ssd1306.c:582:6:SSD1306_Clear	8	static
../SHT31/ssd1306.c:142:9:SSD1306_Init	8	static
../SHT31/ssd1306.c:587:6:SSD1306_ON	8	static
../SHT31/ssd1306.c:592:6:SSD1306_OFF	8	static
