C:/Users/user/STM32CubeIDE/testlora/SubGHz_Phy_PingPong/SubGHz_Phy/App/subghz_phy_app.c:343:17:powInt	0	static
C:/Users/user/STM32CubeIDE/testlora/SubGHz_Phy_PingPong/SubGHz_Phy/App/subghz_phy_app.c:317:13:OnRxError	8	static
C:/Users/user/STM32CubeIDE/testlora/SubGHz_Phy_PingPong/SubGHz_Phy/App/subghz_phy_app.c:309:13:OnRxTimeout	8	static
C:/Users/user/STM32CubeIDE/testlora/SubGHz_Phy_PingPong/SubGHz_Phy/App/subghz_phy_app.c:301:13:OnTxTimeout	8	static
C:/Users/user/STM32CubeIDE/testlora/SubGHz_Phy_PingPong/SubGHz_Phy/App/subghz_phy_app.c:276:13:OnTxDone	8	static
C:/Users/user/STM32CubeIDE/testlora/SubGHz_Phy_PingPong/SubGHz_Phy/App/subghz_phy_app.c:394:13:onTimerRelayEvent	8	static
C:/Users/user/STM32CubeIDE/testlora/SubGHz_Phy_PingPong/SubGHz_Phy/App/subghz_phy_app.c:414:13:SHT31_Process	40	static
C:/Users/user/STM32CubeIDE/testlora/SubGHz_Phy_PingPong/SubGHz_Phy/App/subghz_phy_app.c:289:13:OnRxDone	16	static
C:/Users/user/STM32CubeIDE/testlora/SubGHz_Phy_PingPong/SubGHz_Phy/App/subghz_phy_app.c:333:13:OnLedRxEvent	8	static
C:/Users/user/STM32CubeIDE/testlora/SubGHz_Phy_PingPong/SubGHz_Phy/App/subghz_phy_app.c:338:13:OnLedErrorEvent	8	static
C:/Users/user/STM32CubeIDE/testlora/SubGHz_Phy_PingPong/SubGHz_Phy/App/subghz_phy_app.c:328:13:OnLedTxEvent	8	static
C:/Users/user/STM32CubeIDE/testlora/SubGHz_Phy_PingPong/SubGHz_Phy/App/subghz_phy_app.c:163:6:SubghzApp_Init	64	static
